// Jest Snapshot v1, https://goo.gl/fbAQLP

exports[`Component: AppCard should match its empty snapshot 1`] = `
<table
  border="0"
  cellPadding="5"
  style={
    Object {
      "borderCollapse": "collapse",
      "margin": "auto",
    }
  }
>
  <tbody>
    <tr>
      <td
        style={
          Object {
            "textAlign": "right",
            "width": "40px",
          }
        }
      >
        <img
          alt=""
          height="110"
          src={undefined}
        />
      </td>
      <td
        style={
          Object {
            "color": "#345db5",
            "fontSize": "30px",
          }
        }
      />
    </tr>
  </tbody>
</table>
`;
